Archive member included to satisfy reference by file (symbol)

..\src\config\pic32cmjh_curiosity_pro\touch\lib\qtm_acq_pic32cmjh_0x002f.X.a(ptc_driver_pic32cmjh_seq.o)
                              .ca/build/Config_D/production/_ext/1804390434/touch.o (qtm_acquisition_process)
..\src\config\pic32cmjh_curiosity_pro\touch\lib\qtm_freq_hop_auto_cm0p_0x0004.X.a(sam_freq_hop_auto_x_cm0p.o)
                              .ca/build/Config_D/production/_ext/1804390434/touch.o (qtm_freq_hop_autotune)
..\src\config\pic32cmjh_curiosity_pro\touch\lib\qtm_touch_key_cm0p_0x0002.X.a(sam_touch_key_x_cm0p.o)
                              .ca/build/Config_D/production/_ext/1804390434/touch.o (qtm_update_qtlib_timer)
c:/program files/microchip/xc32/v4.40/bin/bin/../../lib/gcc/pic32c/8.3.1/../../../../pic32c/lib/thumb/v6-m/nofp\libpic32c.a(data_init.o)
                              .ca/build/Config_D/production/_ext/1676069394/startup_xc32.o (__pic32c_data_initialization)
c:/program files/microchip/xc32/v4.40/bin/bin/../../lib/gcc/pic32c/8.3.1/../../../../pic32c/lib/thumb/v6-m/nofp\libc-size-musl.a(memcpy.o)
                              .ca/build/Config_D/production/_ext/1457750974/plib_nvmctrl.o (memcpy)
c:/program files/microchip/xc32/v4.40/bin/bin/../../lib/gcc/pic32c/8.3.1/../../../../pic32c/lib/thumb/v6-m/nofp\libc-musl.a(__libc_start_main.o)
                              .ca/build/Config_D/production/_ext/1676069394/startup_xc32.o (__libc_init_array)
c:/program files/microchip/xc32/v4.40/bin/bin/../../lib/gcc/pic32c/8.3.1/../../../../pic32c/lib/thumb/v6-m/nofp\libc-musl.a(libc.o)
                              c:/program files/microchip/xc32/v4.40/bin/bin/../../lib/gcc/pic32c/8.3.1/../../../../pic32c/lib/thumb/v6-m/nofp\libc-musl.a(__libc_start_main.o) (__progname_full)
c:/program files/microchip/xc32/v4.40/bin/bin/../../lib/gcc/pic32c/8.3.1/../../../../pic32c/lib/thumb/v6-m/nofp\libc-musl.a(__environ.o)
                              c:/program files/microchip/xc32/v4.40/bin/bin/../../lib/gcc/pic32c/8.3.1/../../../../pic32c/lib/thumb/v6-m/nofp\libc-musl.a(__libc_start_main.o) (__environ)
c:/program files/microchip/xc32/v4.40/bin/bin/../../lib/gcc/pic32c/8.3.1/thumb/v6-m/nofp\libgcc.a(_thumb1_case_uhi.o)
                              ..\src\config\pic32cmjh_curiosity_pro\touch\lib\qtm_acq_pic32cmjh_0x002f.X.a(ptc_driver_pic32cmjh_seq.o) (__gnu_thumb1_case_uhi)
c:/program files/microchip/xc32/v4.40/bin/bin/../../lib/gcc/pic32c/8.3.1/thumb/v6-m/nofp\libgcc.a(_aeabi_ldivmod.o)
                              .ca/build/Config_D/production/_ext/445608663/plib_sercom4_usart.o (__aeabi_ldivmod)
c:/program files/microchip/xc32/v4.40/bin/bin/../../lib/gcc/pic32c/8.3.1/thumb/v6-m/nofp\libgcc.a(_aeabi_uldivmod.o)
                              .ca/build/Config_D/production/_ext/445608663/plib_sercom4_usart.o (__aeabi_uldivmod)
c:/program files/microchip/xc32/v4.40/bin/bin/../../lib/gcc/pic32c/8.3.1/thumb/v6-m/nofp\libgcc.a(_muldi3.o)
                              .ca/build/Config_D/production/_ext/445608663/plib_sercom4_usart.o (__aeabi_lmul)
c:/program files/microchip/xc32/v4.40/bin/bin/../../lib/gcc/pic32c/8.3.1/thumb/v6-m/nofp\libgcc.a(_udivmoddi4.o)
                              c:/program files/microchip/xc32/v4.40/bin/bin/../../lib/gcc/pic32c/8.3.1/thumb/v6-m/nofp\libgcc.a(_aeabi_uldivmod.o) (__udivmoddi4)
c:/program files/microchip/xc32/v4.40/bin/bin/../../lib/gcc/pic32c/8.3.1/thumb/v6-m/nofp\libgcc.a(bpabi.o)
                              c:/program files/microchip/xc32/v4.40/bin/bin/../../lib/gcc/pic32c/8.3.1/thumb/v6-m/nofp\libgcc.a(_aeabi_ldivmod.o) (__gnu_ldivmod_helper)
c:/program files/microchip/xc32/v4.40/bin/bin/../../lib/gcc/pic32c/8.3.1/thumb/v6-m/nofp\libgcc.a(_dvmd_tls.o)
                              c:/program files/microchip/xc32/v4.40/bin/bin/../../lib/gcc/pic32c/8.3.1/thumb/v6-m/nofp\libgcc.a(_aeabi_ldivmod.o) (__aeabi_ldiv0)
c:/program files/microchip/xc32/v4.40/bin/bin/../../lib/gcc/pic32c/8.3.1/thumb/v6-m/nofp\libgcc.a(_lshrdi3.o)
                              c:/program files/microchip/xc32/v4.40/bin/bin/../../lib/gcc/pic32c/8.3.1/thumb/v6-m/nofp\libgcc.a(_udivmoddi4.o) (__aeabi_llsr)
c:/program files/microchip/xc32/v4.40/bin/bin/../../lib/gcc/pic32c/8.3.1/thumb/v6-m/nofp\libgcc.a(_ashldi3.o)
                              c:/program files/microchip/xc32/v4.40/bin/bin/../../lib/gcc/pic32c/8.3.1/thumb/v6-m/nofp\libgcc.a(_udivmoddi4.o) (__aeabi_llsl)
c:/program files/microchip/xc32/v4.40/bin/bin/../../lib/gcc/pic32c/8.3.1/thumb/v6-m/nofp\libgcc.a(_clzdi2.o)
                              c:/program files/microchip/xc32/v4.40/bin/bin/../../lib/gcc/pic32c/8.3.1/thumb/v6-m/nofp\libgcc.a(_udivmoddi4.o) (__clzdi2)
c:/program files/microchip/xc32/v4.40/bin/bin/../../lib/gcc/pic32c/8.3.1/thumb/v6-m/nofp\libgcc.a(_divdi3.o)
                              c:/program files/microchip/xc32/v4.40/bin/bin/../../lib/gcc/pic32c/8.3.1/thumb/v6-m/nofp\libgcc.a(bpabi.o) (__divdi3)
[...]
Memory Configuration

Name             Origin             Length             Attributes
rom              0x0000000000000000 0x0000000000080000 xrl
ram              0x0000000020000000 0x0000000000010000 xw !r
config_00804000  0x0000000000804000 0x0000000000000004
config_00804004  0x0000000000804004 0x0000000000000004
*default*        0x0000000000000000 0xffffffffffffffff

Linker script and memory map

LOAD c:/program files/microchip/xc32/v4.40/bin/bin/../../lib/gcc/pic32c/8.3.1/thumb/v6-m/nofp/crti.o
LOAD c:/program files/microchip/xc32/v4.40/bin/bin/../../lib/gcc/pic32c/8.3.1/thumb/v6-m/nofp/crtbegin.o
LOAD .ca/build/Config_D/production/_ext/1930723396/plib_clock.o
LOAD .ca/build/Config_D/production/_ext/1928573910/plib_evsys.o
LOAD .ca/build/Config_D/production/_ext/1863059596/plib_nvic.o
LOAD .ca/build/Config_D/production/_ext/1457750974/plib_nvmctrl.o
LOAD .ca/build/Config_D/production/_ext/1863006445/plib_port.o
LOAD .ca/build/Config_D/production/_ext/1307020913/plib_rtc_timer.o
LOAD .ca/build/Config_D/production/_ext/445608663/plib_sercom4_usart.o
LOAD .ca/build/Config_D/production/_ext/1805181144/xc32_monitor.o
LOAD .ca/build/Config_D/production/_ext/1804390434/touch.o
LOAD .ca/build/Config_D/production/_ext/1804390434/touch_example.o
LOAD .ca/build/Config_D/production/_ext/1804390434/touchTune.o
LOAD .ca/build/Config_D/production/_ext/1676069394/initialization.o
LOAD .ca/build/Config_D/production/_ext/1676069394/interrupts.o
LOAD .ca/build/Config_D/production/_ext/1676069394/exceptions.o
LOAD .ca/build/Config_D/production/_ext/1676069394/libc_syscalls.o
LOAD .ca/build/Config_D/production/_ext/1676069394/startup_xc32.o
LOAD .ca/build/Config_D/production/_ext/1360937237/main.o
LOAD ..\src\config\pic32cmjh_curiosity_pro\touch\lib\qtm_acq_pic32cmjh_0x002f.X.a
LOAD ..\src\config\pic32cmjh_curiosity_pro\touch\lib\qtm_freq_hop_auto_cm0p_0x0004.X.a
LOAD ..\src\config\pic32cmjh_curiosity_pro\touch\lib\qtm_freq_hop_cm0p_0x0006.X.a
LOAD ..\src\config\pic32cmjh_curiosity_pro\touch\lib\qtm_touch_key_cm0p_0x0002.X.a
                0x0000000000000001                __MPLAB_BUILD = 0x1
                0x0000000000080000                __rom_end = (ORIGIN (rom) + LENGTH (rom))
                0x0000000020010000                __ram_end = (ORIGIN (ram) + LENGTH (ram))

.config_00804000
 *(.config_00804000)

.config_00804004
 *(.config_00804004)

.vectors        0x0000000000000000       0xc0
                0x0000000000000000                . = ALIGN (0x4)
                0x0000000000000000                _sfixed = .
 *(.vectors .vectors.* .vectors_default .vectors_default.*)
 .vectors.exception_table
                0x0000000000000000       0xc0 .ca/build/Config_D/production/_ext/1676069394/interrupts.o
                0x0000000000000000                exception_table
 *(.isr_vector)
 *(.reset*)
 *(.after_vectors)

.text           0x00000000000000c0       0x20
                0x00000000000000c0                . = ALIGN (0x4)
 *(.glue_7t)
 .glue_7t       0x00000000000000c0        0x0 linker stubs
 *(.glue_7)
 .glue_7        0x00000000000000c0        0x0 linker stubs
 *(.gnu.linkonce.r.*)
 *(.ARM.extab* .gnu.linkonce.armextab.*)
                0x00000000000000c0                . = ALIGN (0x4)
 *(.init)
 .init          0x00000000000000c0        0x4 c:/program files/microchip/xc32/v4.40/bin/bin/../../lib/gcc/pic32c/8.3.1/thumb/v6-m/nofp/crti.o
                0x00000000000000c0                _init
 .init          0x00000000000000c4        0x8 c:/program files/microchip/xc32/v4.40/bin/bin/../../lib/gcc/pic32c/8.3.1/thumb/v6-m/nofp/crtn.o
                0x00000000000000cc                . = ALIGN (0x4)
                0x00000000000000cc                __preinit_array_start = .
 *(.preinit_array)
                0x00000000000000cc                __preinit_array_end = .
                0x00000000000000cc                . = ALIGN (0x4)
                0x00000000000000cc                __init_array_start = .
 *(SORT_BY_NAME(.init_array.*))
 *(.init_array)
 .init_array    0x00000000000000cc        0x4 c:/program files/microchip/xc32/v4.40/bin/bin/../../lib/gcc/pic32c/8.3.1/thumb/v6-m/nofp/crtbegin.o
                0x00000000000000d0                __init_array_end = .
                0x00000000000000d0                . = ALIGN (0x4)
 *crtbegin.o(.ctors)
 *(EXCLUDE_FILE(*crtend.o) .ctors)
 *(SORT_BY_NAME(.ctors.*))
 *crtend.o(.ctors)
                0x00000000000000d0                . = ALIGN (0x4)
 *(.fini)
 .fini          0x00000000000000d0        0x4 c:/program files/microchip/xc32/v4.40/bin/bin/../../lib/gcc/pic32c/8.3.1/thumb/v6-m/nofp/crti.o
                0x00000000000000d0                _fini
 .fini          0x00000000000000d4        0x8 c:/program files/microchip/xc32/v4.40/bin/bin/../../lib/gcc/pic32c/8.3.1/thumb/v6-m/nofp/crtn.o
                0x00000000000000dc                . = ALIGN (0x4)
                0x00000000000000dc                __fini_array_start = .
 *(.fini_array)
 .fini_array    0x00000000000000dc        0x4 c:/program files/microchip/xc32/v4.40/bin/bin/../../lib/gcc/pic32c/8.3.1/thumb/v6-m/nofp/crtbegin.o
 *(SORT_BY_NAME(.fini_array.*))
                0x00000000000000e0                __fini_array_end = .
 *crtbegin.o(.dtors)
 *(EXCLUDE_FILE(*crtend.o) .dtors)
 *(SORT_BY_NAME(.dtors.*))
 *crtend.o(.dtors)
                0x00000000000000e0                . = ALIGN (0x4)
                0x00000000000000e0                _efixed = .
                [!provide]                        PROVIDE (__exidx_start = .)

.ARM.exidx
 *(.ARM.exidx* .gnu.linkonce.armexidx.*)
                [!provide]                        PROVIDE (__exidx_end = .)
                0x00000000000000e0                . = ALIGN (0x4)
                0x00000000000000e0                _etext = .

.bss            0x0000000020000000        0xc
                0x0000000020000000                . = ALIGN (0x4)
                0x0000000020000000                __bss_start__ = .
                0x0000000020000000                _sbss = .
                0x0000000020000000                _szero = .
 *(COMMON)
 COMMON         0x0000000020000000        0xc ..\src\config\pic32cmjh_curiosity_pro\touch\lib\qtm_acq_pic32cmjh_0x002f.X.a(ptc_driver_pic32cmjh_seq.o)
                0x0000000020000000                p_qtm_drivenshield_config
                0x0000000020000004                qtm_acquisition_control_working_set_ptr
                0x0000000020000008                qtm_raw_data_measurements_ptr
                0x000000002000000c                . = ALIGN (0x4)
                0x000000002000000c                __bss_end__ = .
                0x000000002000000c                _ebss = .
                0x000000002000000c                _ezero = .
                0x000000002000000c                . = ALIGN (0x4)
                0x000000002000000c                _end = .
                0x000000002000ffff                _ram_end_ = ((ORIGIN (ram) + LENGTH (ram)) - 0x1)
                0x0000000000000200                _min_heap_size = 0x200
START GROUP
LOAD c:/program files/microchip/xc32/v4.40/bin/bin/../../lib/gcc/pic32c/8.3.1/../../../../pic32c/lib/thumb/v6-m/nofp\libpic32c.a
LOAD c:/program files/microchip/xc32/v4.40/bin/bin/../../lib/gcc/pic32c/8.3.1/../../../../pic32c/lib/thumb/v6-m/nofp\libc-size-musl.a
LOAD c:/program files/microchip/xc32/v4.40/bin/bin/../../lib/gcc/pic32c/8.3.1/../../../../pic32c/lib/thumb/v6-m/nofp\liblmalloc-musl.a
LOAD c:/program files/microchip/xc32/v4.40/bin/bin/../../lib/gcc/pic32c/8.3.1/../../../../pic32c/lib/thumb/v6-m/nofp\libm-emfloat.a
LOAD c:/program files/microchip/xc32/v4.40/bin/bin/../../lib/gcc/pic32c/8.3.1/../../../../pic32c/lib/thumb/v6-m/nofp\libm-musl.a
LOAD c:/program files/microchip/xc32/v4.40/bin/bin/../../lib/gcc/pic32c/8.3.1/../../../../pic32c/lib/thumb/v6-m/nofp\libc-musl.a
LOAD c:/program files/microchip/xc32/v4.40/bin/bin/../../lib/gcc/pic32c/8.3.1/../../../../pic32c/lib/thumb/v6-m/nofp\libm-emfloat.a
LOAD c:/program files/microchip/xc32/v4.40/bin/bin/../../lib/gcc/pic32c/8.3.1/../../../../pic32c/lib/thumb/v6-m/nofp\libm-musl.a
LOAD c:/program files/microchip/xc32/v4.40/bin/bin/../../lib/gcc/pic32c/8.3.1/thumb/v6-m/nofp\libgcc.a
END GROUP
LOAD c:/program files/microchip/xc32/v4.40/bin/bin/../../lib/gcc/pic32c/8.3.1/thumb/v6-m/nofp/crtend.o
LOAD c:/program files/microchip/xc32/v4.40/bin/bin/../../lib/gcc/pic32c/8.3.1/thumb/v6-m/nofp/crtn.o
OUTPUT(.ca/dist/Config_D/production/pic32cmjh_curiosity_pro.X.production.elf elf32-littlearm)
LOAD data_init
LOAD stack

.ARM.attributes
                0x0000000000000000       0x2c
 .ARM.attributes
                0x0000000000000000       0x1e c:/program files/microchip/xc32/v4.40/bin/bin/../../lib/gcc/pic32c/8.3.1/thumb/v6-m/nofp/crti.o
 .ARM.attributes
                0x000000000000001e       0x2c c:/program files/microchip/xc32/v4.40/bin/bin/../../lib/gcc/pic32c/8.3.1/thumb/v6-m/nofp/crtbegin.o
 .ARM.attributes
                0x000000000000004a       0x2c .ca/build/Config_D/production/_ext/1930723396/plib_clock.o
 .ARM.attributes
                0x0000000000000076       0x2c .ca/build/Config_D/production/_ext/1928573910/plib_evsys.o
 .ARM.attributes
                0x00000000000000a2       0x2c .ca/build/Config_D/production/_ext/1863059596/plib_nvic.o
 .ARM.attributes
                0x00000000000000ce       0x2c .ca/build/Config_D/production/_ext/1457750974/plib_nvmctrl.o
 .ARM.attributes
                0x00000000000000fa       0x2c .ca/build/Config_D/production/_ext/1863006445/plib_port.o
 .ARM.attributes
                0x0000000000000126       0x2c .ca/build/Config_D/production/_ext/1307020913/plib_rtc_timer.o
 .ARM.attributes
                0x0000000000000152       0x2c .ca/build/Config_D/production/_ext/445608663/plib_sercom4_usart.o
 .ARM.attributes
                0x000000000000017e       0x2c .ca/build/Config_D/production/_ext/1804390434/touch.o
 .ARM.attributes
                0x00000000000001aa       0x2c .ca/build/Config_D/production/_ext/1804390434/touchTune.o
 .ARM.attributes
                0x00000000000001d6       0x2c .ca/build/Config_D/production/_ext/1676069394/initialization.o
 .ARM.attributes
                0x0000000000000202       0x2c .ca/build/Config_D/production/_ext/1676069394/interrupts.o
 .ARM.attributes
                0x000000000000022e       0x2c .ca/build/Config_D/production/_ext/1676069394/exceptions.o
 .ARM.attributes
                0x000000000000025a       0x2c .ca/build/Config_D/production/_ext/1676069394/startup_xc32.o
 .ARM.attributes
                0x0000000000000286       0x2c .ca/build/Config_D/production/_ext/1360937237/main.o
 .ARM.attributes
                0x00000000000002b2       0x2c ..\src\config\pic32cmjh_curiosity_pro\touch\lib\qtm_acq_pic32cmjh_0x002f.X.a(ptc_driver_pic32cmjh_seq.o)
 .ARM.attributes
                0x00000000000002de       0x2c ..\src\config\pic32cmjh_curiosity_pro\touch\lib\qtm_freq_hop_auto_cm0p_0x0004.X.a(sam_freq_hop_auto_x_cm0p.o)
 .ARM.attributes
                0x000000000000030a       0x2c ..\src\config\pic32cmjh_curiosity_pro\touch\lib\qtm_touch_key_cm0p_0x0002.X.a(sam_touch_key_x_cm0p.o)
 .ARM.attributes
                0x0000000000000336       0x2c c:/program files/microchip/xc32/v4.40/bin/bin/../../lib/gcc/pic32c/8.3.1/../../../../pic32c/lib/thumb/v6-m/nofp\libpic32c.a(data_init.o)
 .ARM.attributes
                0x0000000000000362       0x2e c:/program files/microchip/xc32/v4.40/bin/bin/../../lib/gcc/pic32c/8.3.1/../../../../pic32c/lib/thumb/v6-m/nofp\libc-musl.a(__libc_start_main.o)
 .ARM.attributes
                0x0000000000000390       0x2e c:/program files/microchip/xc32/v4.40/bin/bin/../../lib/gcc/pic32c/8.3.1/../../../../pic32c/lib/thumb/v6-m/nofp\libc-musl.a(libc.o)
 .ARM.attributes
                0x00000000000003be       0x2e c:/program files/microchip/xc32/v4.40/bin/bin/../../lib/gcc/pic32c/8.3.1/../../../../pic32c/lib/thumb/v6-m/nofp\libc-musl.a(__environ.o)
 .ARM.attributes
                0x00000000000003ec       0x1e c:/program files/microchip/xc32/v4.40/bin/bin/../../lib/gcc/pic32c/8.3.1/thumb/v6-m/nofp\libgcc.a(_thumb1_case_uhi.o)
 .ARM.attributes
                0x000000000000040a       0x1e c:/program files/microchip/xc32/v4.40/bin/bin/../../lib/gcc/pic32c/8.3.1/thumb/v6-m/nofp/crtn.o
 .ARM.attributes
                0x0000000000000428       0x2c c:/program files/microchip/xc32/v4.40/bin/bin/../../lib/gcc/pic32c/8.3.1/../../../../pic32c/lib/thumb/v6-m/nofp\libpic32c.a(pic32_data_init_clear.o)
 .ARM.attributes
                0x0000000000000454       0x2c c:/program files/microchip/xc32/v4.40/bin/bin/../../lib/gcc/pic32c/8.3.1/../../../../pic32c/lib/thumb/v6-m/nofp\libpic32c.a(pic32_data_init_copy.o)

.comment        0x0000000000000000       0xba
 .comment       0x0000000000000000       0x2b c:/program files/microchip/xc32/v4.40/bin/bin/../../lib/gcc/pic32c/8.3.1/thumb/v6-m/nofp/crtbegin.o
                                         0x2c (size before relaxing)
 .comment       0x000000000000002b       0x2c .ca/build/Config_D/production/_ext/1930723396/plib_clock.o
 .comment       0x000000000000002b       0x2c .ca/build/Config_D/production/_ext/1928573910/plib_evsys.o
 .comment       0x000000000000002b       0x2c .ca/build/Config_D/production/_ext/1863059596/plib_nvic.o
 .comment       0x000000000000002b       0x2c .ca/build/Config_D/production/_ext/1457750974/plib_nvmctrl.o
 .comment       0x000000000000002b       0x2c .ca/build/Config_D/production/_ext/1863006445/plib_port.o
 .comment       0x000000000000002b       0x2c .ca/build/Config_D/production/_ext/1307020913/plib_rtc_timer.o
 .comment       0x000000000000002b       0x2c .ca/build/Config_D/production/_ext/445608663/plib_sercom4_usart.o
 .comment       0x000000000000002b       0x2c .ca/build/Config_D/production/_ext/1804390434/touch.o
 .comment       0x000000000000002b       0x2c .ca/build/Config_D/production/_ext/1804390434/touchTune.o
 .comment       0x000000000000002b       0x2c .ca/build/Config_D/production/_ext/1676069394/initialization.o
 .comment       0x000000000000002b       0x2c .ca/build/Config_D/production/_ext/1676069394/interrupts.o
 .comment       0x000000000000002b       0x2c .ca/build/Config_D/production/_ext/1676069394/exceptions.o
 .comment       0x000000000000002b       0x2c .ca/build/Config_D/production/_ext/1676069394/startup_xc32.o
 .comment       0x000000000000002b       0x2c .ca/build/Config_D/production/_ext/1360937237/main.o
 .comment       0x000000000000002b       0x53 ..\src\config\pic32cmjh_curiosity_pro\touch\lib\qtm_acq_pic32cmjh_0x002f.X.a(ptc_driver_pic32cmjh_seq.o)
                                         0x54 (size before relaxing)
 .comment       0x000000000000007e       0x3c ..\src\config\pic32cmjh_curiosity_pro\touch\lib\qtm_freq_hop_auto_cm0p_0x0004.X.a(sam_freq_hop_auto_x_cm0p.o)
                                         0x3d (size before relaxing)
 .comment       0x00000000000000ba       0x3d ..\src\config\pic32cmjh_curiosity_pro\touch\lib\qtm_touch_key_cm0p_0x0002.X.a(sam_touch_key_x_cm0p.o)
 .comment       0x00000000000000ba       0x2c c:/program files/microchip/xc32/v4.40/bin/bin/../../lib/gcc/pic32c/8.3.1/../../../../pic32c/lib/thumb/v6-m/nofp\libpic32c.a(data_init.o)
 .comment       0x00000000000000ba       0x2c c:/program files/microchip/xc32/v4.40/bin/bin/../../lib/gcc/pic32c/8.3.1/../../../../pic32c/lib/thumb/v6-m/nofp\libc-musl.a(__libc_start_main.o)
 .comment       0x00000000000000ba       0x2c c:/program files/microchip/xc32/v4.40/bin/bin/../../lib/gcc/pic32c/8.3.1/../../../../pic32c/lib/thumb/v6-m/nofp\libc-musl.a(libc.o)
 .comment       0x00000000000000ba       0x2c c:/program files/microchip/xc32/v4.40/bin/bin/../../lib/gcc/pic32c/8.3.1/../../../../pic32c/lib/thumb/v6-m/nofp\libc-musl.a(__environ.o)
 .comment       0x00000000000000ba       0x2c c:/program files/microchip/xc32/v4.40/bin/bin/../../lib/gcc/pic32c/8.3.1/../../../../pic32c/lib/thumb/v6-m/nofp\libpic32c.a(pic32_data_init_clear.o)
 .comment       0x00000000000000ba       0x2c c:/program files/microchip/xc32/v4.40/bin/bin/../../lib/gcc/pic32c/8.3.1/../../../../pic32c/lib/thumb/v6-m/nofp\libpic32c.a(pic32_data_init_copy.o)

.debug_info     0x0000000000000000     0x7520
 .debug_info    0x0000000000000000      0x5f1 .ca/build/Config_D/production/_ext/1930723396/plib_clock.o
 .debug_info    0x00000000000005f1      0x2d0 .ca/build/Config_D/production/_ext/1928573910/plib_evsys.o
 .debug_info    0x00000000000008c1      0x6e3 .ca/build/Config_D/production/_ext/1863059596/plib_nvic.o
 .debug_info    0x0000000000000fa4      0x7ed .ca/build/Config_D/production/_ext/1457750974/plib_nvmctrl.o
 .debug_info    0x0000000000001791      0x78b .ca/build/Config_D/production/_ext/1863006445/plib_port.o
 .debug_info    0x0000000000001f1c      0x7ea .ca/build/Config_D/production/_ext/1307020913/plib_rtc_timer.o
 .debug_info    0x0000000000002706     0x117d .ca/build/Config_D/production/_ext/445608663/plib_sercom4_usart.o
 .debug_info    0x0000000000003883     0x158b .ca/build/Config_D/production/_ext/1804390434/touch.o
 .debug_info    0x0000000000004e0e     0x117e .ca/build/Config_D/production/_ext/1804390434/touchTune.o
 .debug_info    0x0000000000005f8c      0x3c5 .ca/build/Config_D/production/_ext/1676069394/initialization.o
 .debug_info    0x0000000000006351      0x3f2 .ca/build/Config_D/production/_ext/1676069394/interrupts.o
 .debug_info    0x0000000000006743       0xba .ca/build/Config_D/production/_ext/1676069394/exceptions.o
 .debug_info    0x00000000000067fd      0x332 .ca/build/Config_D/production/_ext/1676069394/startup_xc32.o
 .debug_info    0x0000000000006b2f      0x2f0 .ca/build/Config_D/production/_ext/1360937237/main.o
 .debug_info    0x0000000000006e1f       0x54 c:/program files/microchip/xc32/v4.40/bin/bin/../../lib/gcc/pic32c/8.3.1/../../../../pic32c/lib/thumb/v6-m/nofp\libpic32c.a(data_init.o)
 .debug_info    0x0000000000006e73      0x2fb c:/program files/microchip/xc32/v4.40/bin/bin/../../lib/gcc/pic32c/8.3.1/../../../../pic32c/lib/thumb/v6-m/nofp\libc-musl.a(__libc_start_main.o)
 .debug_info    0x000000000000716e      0x276 c:/program files/microchip/xc32/v4.40/bin/bin/../../lib/gcc/pic32c/8.3.1/../../../../pic32c/lib/thumb/v6-m/nofp\libc-musl.a(libc.o)
 .debug_info    0x00000000000073e4       0x97 c:/program files/microchip/xc32/v4.40/bin/bin/../../lib/gcc/pic32c/8.3.1/../../../../pic32c/lib/thumb/v6-m/nofp\libc-musl.a(__environ.o)
 .debug_info    0x000000000000747b       0x26 c:/program files/microchip/xc32/v4.40/bin/bin/../../lib/gcc/pic32c/8.3.1/thumb/v6-m/nofp\libgcc.a(_thumb1_case_uhi.o)
 .debug_info    0x00000000000074a1       0x3f c:/program files/microchip/xc32/v4.40/bin/bin/../../lib/gcc/pic32c/8.3.1/../../../../pic32c/lib/thumb/v6-m/nofp\libpic32c.a(pic32_data_init_clear.o)
 .debug_info    0x00000000000074e0       0x40 c:/program files/microchip/xc32/v4.40/bin/bin/../../lib/gcc/pic32c/8.3.1/../../../../pic32c/lib/thumb/v6-m/nofp\libpic32c.a(pic32_data_init_copy.o)

.debug_abbrev   0x0000000000000000     0x1ac0
 .debug_abbrev  0x0000000000000000      0x149 .ca/build/Config_D/production/_ext/1930723396/plib_clock.o
 .debug_abbrev  0x0000000000000149       0xd4 .ca/build/Config_D/production/_ext/1928573910/plib_evsys.o
 .debug_abbrev  0x000000000000021d      0x21c .ca/build/Config_D/production/_ext/1863059596/plib_nvic.o
 .debug_abbrev  0x0000000000000439      0x203 .ca/build/Config_D/production/_ext/1457750974/plib_nvmctrl.o
 .debug_abbrev  0x000000000000063c      0x1b9 .ca/build/Config_D/production/_ext/1863006445/plib_port.o
 .debug_abbrev  0x00000000000007f5      0x1a2 .ca/build/Config_D/production/_ext/1307020913/plib_rtc_timer.o
 .debug_abbrev  0x0000000000000997      0x318 .ca/build/Config_D/production/_ext/445608663/plib_sercom4_usart.o
 .debug_abbrev  0x0000000000000caf      0x304 .ca/build/Config_D/production/_ext/1804390434/touch.o
 .debug_abbrev  0x0000000000000fb3      0x331 .ca/build/Config_D/production/_ext/1804390434/touchTune.o
 .debug_abbrev  0x00000000000012e4       0xf4 .ca/build/Config_D/production/_ext/1676069394/initialization.o
 .debug_abbrev  0x00000000000013d8       0xc0 .ca/build/Config_D/production/_ext/1676069394/interrupts.o
 .debug_abbrev  0x0000000000001498       0x49 .ca/build/Config_D/production/_ext/1676069394/exceptions.o
 .debug_abbrev  0x00000000000014e1      0x187 .ca/build/Config_D/production/_ext/1676069394/startup_xc32.o
 .debug_abbrev  0x0000000000001668      0x13b .ca/build/Config_D/production/_ext/1360937237/main.o
 .debug_abbrev  0x00000000000017a3       0x44 c:/program files/microchip/xc32/v4.40/bin/bin/../../lib/gcc/pic32c/8.3.1/../../../../pic32c/lib/thumb/v6-m/nofp\libpic32c.a(data_init.o)
 .debug_abbrev  0x00000000000017e7      0x133 c:/program files/microchip/xc32/v4.40/bin/bin/../../lib/gcc/pic32c/8.3.1/../../../../pic32c/lib/thumb/v6-m/nofp\libc-musl.a(__libc_start_main.o)
 .debug_abbrev  0x000000000000191a       0xd4 c:/program files/microchip/xc32/v4.40/bin/bin/../../lib/gcc/pic32c/8.3.1/../../../../pic32c/lib/thumb/v6-m/nofp\libc-musl.a(libc.o)
 .debug_abbrev  0x00000000000019ee       0x62 c:/program files/microchip/xc32/v4.40/bin/bin/../../lib/gcc/pic32c/8.3.1/../../../../pic32c/lib/thumb/v6-m/nofp\libc-musl.a(__environ.o)
 .debug_abbrev  0x0000000000001a50       0x14 c:/program files/microchip/xc32/v4.40/bin/bin/../../lib/gcc/pic32c/8.3.1/thumb/v6-m/nofp\libgcc.a(_thumb1_case_uhi.o)
 .debug_abbrev  0x0000000000001a64       0x2e c:/program files/microchip/xc32/v4.40/bin/bin/../../lib/gcc/pic32c/8.3.1/../../../../pic32c/lib/thumb/v6-m/nofp\libpic32c.a(pic32_data_init_clear.o)
 .debug_abbrev  0x0000000000001a92       0x2e c:/program files/microchip/xc32/v4.40/bin/bin/../../lib/gcc/pic32c/8.3.1/../../../../pic32c/lib/thumb/v6-m/nofp\libpic32c.a(pic32_data_init_copy.o)

.debug_loc      0x0000000000000000     0x1d9e
 .debug_loc     0x0000000000000000       0x45 .ca/build/Config_D/production/_ext/1930723396/plib_clock.o
 .debug_loc     0x0000000000000045       0xed .ca/build/Config_D/production/_ext/1928573910/plib_evsys.o
 .debug_loc     0x0000000000000132      0x114 .ca/build/Config_D/production/_ext/1863059596/plib_nvic.o
 .debug_loc     0x0000000000000246      0x60d .ca/build/Config_D/production/_ext/1457750974/plib_nvmctrl.o
 .debug_loc     0x0000000000000853      0x1d8 .ca/build/Config_D/production/_ext/1863006445/plib_port.o
 .debug_loc     0x0000000000000a2b       0x94 .ca/build/Config_D/production/_ext/1307020913/plib_rtc_timer.o
 .debug_loc     0x0000000000000abf      0x632 .ca/build/Config_D/production/_ext/445608663/plib_sercom4_usart.o
 .debug_loc     0x00000000000010f1      0x32d .ca/build/Config_D/production/_ext/1804390434/touch.o
 .debug_loc     0x000000000000141e      0x81e .ca/build/Config_D/production/_ext/1804390434/touchTune.o
 .debug_loc     0x0000000000001c3c       0x45 .ca/build/Config_D/production/_ext/1676069394/initialization.o
 .debug_loc     0x0000000000001c81       0x4f .ca/build/Config_D/production/_ext/1676069394/startup_xc32.o
 .debug_loc     0x0000000000001cd0       0x48 .ca/build/Config_D/production/_ext/1360937237/main.o
 .debug_loc     0x0000000000001d18       0x14 c:/program files/microchip/xc32/v4.40/bin/bin/../../lib/gcc/pic32c/8.3.1/../../../../pic32c/lib/thumb/v6-m/nofp\libpic32c.a(data_init.o)
 .debug_loc     0x0000000000001d2c       0x5e c:/program files/microchip/xc32/v4.40/bin/bin/../../lib/gcc/pic32c/8.3.1/../../../../pic32c/lib/thumb/v6-m/nofp\libc-musl.a(__libc_start_main.o)
 .debug_loc     0x0000000000001d8a       0x14 c:/program files/microchip/xc32/v4.40/bin/bin/../../lib/gcc/pic32c/8.3.1/../../../../pic32c/lib/thumb/v6-m/nofp\libpic32c.a(pic32_data_init_copy.o)

.debug_aranges  0x0000000000000000      0x600
 .debug_aranges
                0x0000000000000000       0x20 .ca/build/Config_D/production/_ext/1930723396/plib_clock.o
 .debug_aranges
                0x0000000000000020       0x40 .ca/build/Config_D/production/_ext/1928573910/plib_evsys.o
 .debug_aranges
                0x0000000000000060       0x38 .ca/build/Config_D/production/_ext/1863059596/plib_nvic.o
 .debug_aranges
                0x0000000000000098       0xa8 .ca/build/Config_D/production/_ext/1457750974/plib_nvmctrl.o
 .debug_aranges
                0x0000000000000140       0x70 .ca/build/Config_D/production/_ext/1863006445/plib_port.o
 .debug_aranges
                0x00000000000001b0       0x88 .ca/build/Config_D/production/_ext/1307020913/plib_rtc_timer.o
 .debug_aranges
                0x0000000000000238       0xe0 .ca/build/Config_D/production/_ext/445608663/plib_sercom4_usart.o
 .debug_aranges
                0x0000000000000318       0x98 .ca/build/Config_D/production/_ext/1804390434/touch.o
 .debug_aranges
                0x00000000000003b0       0xb8 .ca/build/Config_D/production/_ext/1804390434/touchTune.o
 .debug_aranges
                0x0000000000000468       0x20 .ca/build/Config_D/production/_ext/1676069394/initialization.o
 .debug_aranges
                0x0000000000000488       0x20 .ca/build/Config_D/production/_ext/1676069394/interrupts.o
 .debug_aranges
                0x00000000000004a8       0x28 .ca/build/Config_D/production/_ext/1676069394/exceptions.o
 .debug_aranges
                0x00000000000004d0       0x28 .ca/build/Config_D/production/_ext/1676069394/startup_xc32.o
 .debug_aranges
                0x00000000000004f8       0x28 .ca/build/Config_D/production/_ext/1360937237/main.o
 .debug_aranges
                0x0000000000000520       0x28 c:/program files/microchip/xc32/v4.40/bin/bin/../../lib/gcc/pic32c/8.3.1/../../../../pic32c/lib/thumb/v6-m/nofp\libpic32c.a(data_init.o)
 .debug_aranges
                0x0000000000000548       0x28 c:/program files/microchip/xc32/v4.40/bin/bin/../../lib/gcc/pic32c/8.3.1/../../../../pic32c/lib/thumb/v6-m/nofp\libc-musl.a(__libc_start_main.o)
 .debug_aranges
                0x0000000000000570       0x18 c:/program files/microchip/xc32/v4.40/bin/bin/../../lib/gcc/pic32c/8.3.1/../../../../pic32c/lib/thumb/v6-m/nofp\libc-musl.a(libc.o)
 .debug_aranges
                0x0000000000000588       0x18 c:/program files/microchip/xc32/v4.40/bin/bin/../../lib/gcc/pic32c/8.3.1/../../../../pic32c/lib/thumb/v6-m/nofp\libc-musl.a(__environ.o)
 .debug_aranges
                0x00000000000005a0       0x20 c:/program files/microchip/xc32/v4.40/bin/bin/../../lib/gcc/pic32c/8.3.1/thumb/v6-m/nofp\libgcc.a(_thumb1_case_uhi.o)
 .debug_aranges
                0x00000000000005c0       0x20 c:/program files/microchip/xc32/v4.40/bin/bin/../../lib/gcc/pic32c/8.3.1/../../../../pic32c/lib/thumb/v6-m/nofp\libpic32c.a(pic32_data_init_clear.o)
 .debug_aranges
                0x00000000000005e0       0x20 c:/program files/microchip/xc32/v4.40/bin/bin/../../lib/gcc/pic32c/8.3.1/../../../../pic32c/lib/thumb/v6-m/nofp\libpic32c.a(pic32_data_init_copy.o)

.debug_ranges   0x0000000000000000      0x5d8
 .debug_ranges  0x0000000000000000       0x10 .ca/build/Config_D/production/_ext/1930723396/plib_clock.o
 .debug_ranges  0x0000000000000010       0x30 .ca/build/Config_D/production/_ext/1928573910/plib_evsys.o
 .debug_ranges  0x0000000000000040       0x40 .ca/build/Config_D/production/_ext/1863059596/plib_nvic.o
 .debug_ranges  0x0000000000000080       0x98 .ca/build/Config_D/production/_ext/1457750974/plib_nvmctrl.o
 .debug_ranges  0x0000000000000118       0x60 .ca/build/Config_D/production/_ext/1863006445/plib_port.o
 .debug_ranges  0x0000000000000178       0x78 .ca/build/Config_D/production/_ext/1307020913/plib_rtc_timer.o
 .debug_ranges  0x00000000000001f0      0x130 .ca/build/Config_D/production/_ext/445608663/plib_sercom4_usart.o
 .debug_ranges  0x0000000000000320       0xa0 .ca/build/Config_D/production/_ext/1804390434/touch.o
 .debug_ranges  0x00000000000003c0      0x148 .ca/build/Config_D/production/_ext/1804390434/touchTune.o
 .debug_ranges  0x0000000000000508       0x10 .ca/build/Config_D/production/_ext/1676069394/initialization.o
 .debug_ranges  0x0000000000000518       0x10 .ca/build/Config_D/production/_ext/1676069394/interrupts.o
 .debug_ranges  0x0000000000000528       0x18 .ca/build/Config_D/production/_ext/1676069394/exceptions.o
 .debug_ranges  0x0000000000000540       0x18 .ca/build/Config_D/production/_ext/1676069394/startup_xc32.o
 .debug_ranges  0x0000000000000558       0x18 .ca/build/Config_D/production/_ext/1360937237/main.o
 .debug_ranges  0x0000000000000570       0x18 c:/program files/microchip/xc32/v4.40/bin/bin/../../lib/gcc/pic32c/8.3.1/../../../../pic32c/lib/thumb/v6-m/nofp\libpic32c.a(data_init.o)
 .debug_ranges  0x0000000000000588       0x30 c:/program files/microchip/xc32/v4.40/bin/bin/../../lib/gcc/pic32c/8.3.1/../../../../pic32c/lib/thumb/v6-m/nofp\libc-musl.a(__libc_start_main.o)
 .debug_ranges  0x00000000000005b8       0x10 c:/program files/microchip/xc32/v4.40/bin/bin/../../lib/gcc/pic32c/8.3.1/../../../../pic32c/lib/thumb/v6-m/nofp\libpic32c.a(pic32_data_init_clear.o)
 .debug_ranges  0x00000000000005c8       0x10 c:/program files/microchip/xc32/v4.40/bin/bin/../../lib/gcc/pic32c/8.3.1/../../../../pic32c/lib/thumb/v6-m/nofp\libpic32c.a(pic32_data_init_copy.o)

.debug_line     0x0000000000000000     0x3b7d
 .debug_line    0x0000000000000000      0x256 .ca/build/Config_D/production/_ext/1930723396/plib_clock.o
 .debug_line    0x0000000000000256      0x1ad .ca/build/Config_D/production/_ext/1928573910/plib_evsys.o
 .debug_line    0x0000000000000403      0x365 .ca/build/Config_D/production/_ext/1863059596/plib_nvic.o
 .debug_line    0x0000000000000768      0x525 .ca/build/Config_D/production/_ext/1457750974/plib_nvmctrl.o
 .debug_line    0x0000000000000c8d      0x2ff .ca/build/Config_D/production/_ext/1863006445/plib_port.o
 .debug_line    0x0000000000000f8c      0x3a0 .ca/build/Config_D/production/_ext/1307020913/plib_rtc_timer.o
 .debug_line    0x000000000000132c      0xa1a .ca/build/Config_D/production/_ext/445608663/plib_sercom4_usart.o
 .debug_line    0x0000000000001d46      0x531 .ca/build/Config_D/production/_ext/1804390434/touch.o
 .debug_line    0x0000000000002277      0xa32 .ca/build/Config_D/production/_ext/1804390434/touchTune.o
 .debug_line    0x0000000000002ca9      0x358 .ca/build/Config_D/production/_ext/1676069394/initialization.o
 .debug_line    0x0000000000003001       0xca .ca/build/Config_D/production/_ext/1676069394/interrupts.o
 .debug_line    0x00000000000030cb       0x7e .ca/build/Config_D/production/_ext/1676069394/exceptions.o
 .debug_line    0x0000000000003149      0x236 .ca/build/Config_D/production/_ext/1676069394/startup_xc32.o
 .debug_line    0x000000000000337f      0x194 .ca/build/Config_D/production/_ext/1360937237/main.o
 .debug_line    0x0000000000003513       0xe5 c:/program files/microchip/xc32/v4.40/bin/bin/../../lib/gcc/pic32c/8.3.1/../../../../pic32c/lib/thumb/v6-m/nofp\libpic32c.a(data_init.o)
 .debug_line    0x00000000000035f8      0x1bc c:/program files/microchip/xc32/v4.40/bin/bin/../../lib/gcc/pic32c/8.3.1/../../../../pic32c/lib/thumb/v6-m/nofp\libc-musl.a(__libc_start_main.o)
 .debug_line    0x00000000000037b4       0xb5 c:/program files/microchip/xc32/v4.40/bin/bin/../../lib/gcc/pic32c/8.3.1/../../../../pic32c/lib/thumb/v6-m/nofp\libc-musl.a(libc.o)
 .debug_line    0x0000000000003869       0xfb c:/program files/microchip/xc32/v4.40/bin/bin/../../lib/gcc/pic32c/8.3.1/../../../../pic32c/lib/thumb/v6-m/nofp\libc-musl.a(__environ.o)
 .debug_line    0x0000000000003964       0x9a c:/program files/microchip/xc32/v4.40/bin/bin/../../lib/gcc/pic32c/8.3.1/thumb/v6-m/nofp\libgcc.a(_thumb1_case_uhi.o)
 .debug_line    0x00000000000039fe       0xb3 c:/program files/microchip/xc32/v4.40/bin/bin/../../lib/gcc/pic32c/8.3.1/../../../../pic32c/lib/thumb/v6-m/nofp\libpic32c.a(pic32_data_init_clear.o)
 .debug_line    0x0000000000003ab1       0xcc c:/program files/microchip/xc32/v4.40/bin/bin/../../lib/gcc/pic32c/8.3.1/../../../../pic32c/lib/thumb/v6-m/nofp\libpic32c.a(pic32_data_init_copy.o)

.debug_str      0x0000000000000000     0x7e63
 .debug_str     0x0000000000000000      0x6db .ca/build/Config_D/production/_ext/1930723396/plib_clock.o
 .debug_str     0x00000000000006db      0x441 .ca/build/Config_D/production/_ext/1928573910/plib_evsys.o
 .debug_str     0x0000000000000b1c      0x696 .ca/build/Config_D/production/_ext/1863059596/plib_nvic.o
 .debug_str     0x00000000000011b2      0x6cd .ca/build/Config_D/production/_ext/1457750974/plib_nvmctrl.o
 .debug_str     0x000000000000187f      0xad5 .ca/build/Config_D/production/_ext/1863006445/plib_port.o
 .debug_str     0x0000000000002354      0x667 .ca/build/Config_D/production/_ext/1307020913/plib_rtc_timer.o
 .debug_str     0x00000000000029bb      0xadb .ca/build/Config_D/production/_ext/445608663/plib_sercom4_usart.o
 .debug_str     0x0000000000003496     0x13c7 .ca/build/Config_D/production/_ext/1804390434/touch.o
 .debug_str     0x000000000000485d      0xd36 .ca/build/Config_D/production/_ext/1804390434/touchTune.o
 .debug_str     0x0000000000005593      0x54c .ca/build/Config_D/production/_ext/1676069394/initialization.o
 .debug_str     0x0000000000005adf      0x692 .ca/build/Config_D/production/_ext/1676069394/interrupts.o
 .debug_str     0x0000000000006171      0x344 .ca/build/Config_D/production/_ext/1676069394/exceptions.o
 .debug_str     0x00000000000064b5      0x44d .ca/build/Config_D/production/_ext/1676069394/startup_xc32.o
 .debug_str     0x0000000000006902      0x42c .ca/build/Config_D/production/_ext/1360937237/main.o
 .debug_str     0x0000000000006d2e      0x273 c:/program files/microchip/xc32/v4.40/bin/bin/../../lib/gcc/pic32c/8.3.1/../../../../pic32c/lib/thumb/v6-m/nofp\libpic32c.a(data_init.o)
 .debug_str     0x0000000000006fa1      0x3ca c:/program files/microchip/xc32/v4.40/bin/bin/../../lib/gcc/pic32c/8.3.1/../../../../pic32c/lib/thumb/v6-m/nofp\libc-musl.a(__libc_start_main.o)
 .debug_str     0x000000000000736b      0x335 c:/program files/microchip/xc32/v4.40/bin/bin/../../lib/gcc/pic32c/8.3.1/../../../../pic32c/lib/thumb/v6-m/nofp\libc-musl.a(libc.o)
 .debug_str     0x00000000000076a0      0x235 c:/program files/microchip/xc32/v4.40/bin/bin/../../lib/gcc/pic32c/8.3.1/../../../../pic32c/lib/thumb/v6-m/nofp\libc-musl.a(__environ.o)
 .debug_str     0x00000000000078d5       0xd6 c:/program files/microchip/xc32/v4.40/bin/bin/../../lib/gcc/pic32c/8.3.1/thumb/v6-m/nofp\libgcc.a(_thumb1_case_uhi.o)
 .debug_str     0x00000000000079ab      0x25d c:/program files/microchip/xc32/v4.40/bin/bin/../../lib/gcc/pic32c/8.3.1/../../../../pic32c/lib/thumb/v6-m/nofp\libpic32c.a(pic32_data_init_clear.o)
 .debug_str     0x0000000000007c08      0x25b c:/program files/microchip/xc32/v4.40/bin/bin/../../lib/gcc/pic32c/8.3.1/../../../../pic32c/lib/thumb/v6-m/nofp\libpic32c.a(pic32_data_init_copy.o)

.debug_frame    0x0000000000000000      0xad8
 .debug_frame   0x0000000000000000       0x20 .ca/build/Config_D/production/_ext/1930723396/plib_clock.o
 .debug_frame   0x0000000000000020       0x60 .ca/build/Config_D/production/_ext/1928573910/plib_evsys.o
 .debug_frame   0x0000000000000080       0x5c .ca/build/Config_D/production/_ext/1863059596/plib_nvic.o
 .debug_frame   0x00000000000000dc      0x164 .ca/build/Config_D/production/_ext/1457750974/plib_nvmctrl.o
 .debug_frame   0x0000000000000240       0xcc .ca/build/Config_D/production/_ext/1863006445/plib_port.o
 .debug_frame   0x000000000000030c       0xf8 .ca/build/Config_D/production/_ext/1307020913/plib_rtc_timer.o
 .debug_frame   0x0000000000000404      0x1fc .ca/build/Config_D/production/_ext/445608663/plib_sercom4_usart.o
 .debug_frame   0x0000000000000600      0x14c .ca/build/Config_D/production/_ext/1804390434/touch.o
 .debug_frame   0x000000000000074c      0x1e8 .ca/build/Config_D/production/_ext/1804390434/touchTune.o
 .debug_frame   0x0000000000000934       0x28 .ca/build/Config_D/production/_ext/1676069394/initialization.o
 .debug_frame   0x000000000000095c       0x20 .ca/build/Config_D/production/_ext/1676069394/interrupts.o
 .debug_frame   0x000000000000097c       0x30 .ca/build/Config_D/production/_ext/1676069394/exceptions.o
 .debug_frame   0x00000000000009ac       0x3c .ca/build/Config_D/production/_ext/1676069394/startup_xc32.o
 .debug_frame   0x00000000000009e8       0x38 .ca/build/Config_D/production/_ext/1360937237/main.o
 .debug_frame   0x0000000000000a20       0x38 c:/program files/microchip/xc32/v4.40/bin/bin/../../lib/gcc/pic32c/8.3.1/../../../../pic32c/lib/thumb/v6-m/nofp\libpic32c.a(data_init.o)
 .debug_frame   0x0000000000000a58       0x38 c:/program files/microchip/xc32/v4.40/bin/bin/../../lib/gcc/pic32c/8.3.1/../../../../pic32c/lib/thumb/v6-m/nofp\libc-musl.a(__libc_start_main.o)
 .debug_frame   0x0000000000000a90       0x20 c:/program files/microchip/xc32/v4.40/bin/bin/../../lib/gcc/pic32c/8.3.1/../../../../pic32c/lib/thumb/v6-m/nofp\libpic32c.a(pic32_data_init_clear.o)
 .debug_frame   0x0000000000000ab0       0x28 c:/program files/microchip/xc32/v4.40/bin/bin/../../lib/gcc/pic32c/8.3.1/../../../../pic32c/lib/thumb/v6-m/nofp\libpic32c.a(pic32_data_init_copy.o)

.note.GNU-stack
                0x0000000000000000        0x0
 .note.GNU-stack
                0x0000000000000000        0x0 c:/program files/microchip/xc32/v4.40/bin/bin/../../lib/gcc/pic32c/8.3.1/../../../../pic32c/lib/thumb/v6-m/nofp\libc-musl.a(__libc_start_main.o)
 .note.GNU-stack
                0x0000000000000000        0x0 c:/program files/microchip/xc32/v4.40/bin/bin/../../lib/gcc/pic32c/8.3.1/../../../../pic32c/lib/thumb/v6-m/nofp\libc-musl.a(libc.o)
 .note.GNU-stack
                0x0000000000000000        0x0 c:/program files/microchip/xc32/v4.40/bin/bin/../../lib/gcc/pic32c/8.3.1/../../../../pic32c/lib/thumb/v6-m/nofp\libc-musl.a(__environ.o)

.stack          0x0000000020001220      0x100
 .stack         0x0000000020001220      0x100 stack

.mem_loc%1      0x0000000020001000        0x4
 .mem_loc       0x0000000020001000        0x4 .ca/build/Config_D/production/_ext/1360937237/main.o
                0x0000000020001000                mem_loc

.bss%2          0x000000002000000c       0x50
 .bss           0x000000002000000c       0x50 c:/program files/microchip/xc32/v4.40/bin/bin/../../lib/gcc/pic32c/8.3.1/../../../../pic32c/lib/thumb/v6-m/nofp\libc-musl.a(libc.o)
                0x000000002000000c                __progname_full
                0x000000002000000c                program_invocation_name
                0x0000000020000010                program_invocation_short_name
                0x0000000020000010                __progname
                0x0000000020000014                __sysinfo
                0x0000000020000018                __hwcap
                0x000000002000001c                __libc

.bss.read_buffer%3
                0x000000002000005c       0x3c
 .bss.read_buffer
                0x000000002000005c       0x3c .ca/build/Config_D/production/_ext/1804390434/touchTune.o

.bss.sercom4USARTObj%4
                0x0000000020000098       0x30
 .bss.sercom4USARTObj
                0x0000000020000098       0x30 .ca/build/Config_D/production/_ext/445608663/plib_sercom4_usart.o

.bss%5          0x00000000200000c8       0x1c
 .bss           0x00000000200000c8       0x1c c:/program files/microchip/xc32/v4.40/bin/bin/../../lib/gcc/pic32c/8.3.1/thumb/v6-m/nofp/crtbegin.o

.bss%6          0x00000000200000e4       0x14
 .bss           0x00000000200000e4       0x14 ..\src\config\pic32cmjh_curiosity_pro\touch\lib\qtm_acq_pic32cmjh_0x002f.X.a(ptc_driver_pic32cmjh_seq.o)
                0x00000000200000e4                current_measure_channel

.bss.runtime_freq_hop_auto_data_arr%7
                0x00000000200000f8       0x11
 .bss.runtime_freq_hop_auto_data_arr
                0x00000000200000f8       0x11 .ca/build/Config_D/production/_ext/1804390434/touchTune.o

.bss.rtcObj%8   0x000000002000010c        0xc
 .bss.rtcObj    0x000000002000010c        0xc .ca/build/Config_D/production/_ext/1307020913/plib_rtc_timer.o

.bss.qtlib_key_data_set1%9
                0x0000000020000118        0xc
 .bss.qtlib_key_data_set1
                0x0000000020000118        0xc .ca/build/Config_D/production/_ext/1804390434/touch.o
                0x0000000020000118                qtlib_key_data_set1

.bss.runtime_data_arr%10
                0x0000000020000124        0x9
 .bss.runtime_data_arr
                0x0000000020000124        0x9 .ca/build/Config_D/production/_ext/1804390434/touchTune.o

.bss.qtlib_key_grp_data_set1%11
                0x000000002000012e        0x8
 .bss.qtlib_key_grp_data_set1
                0x000000002000012e        0x8 .ca/build/Config_D/production/_ext/1804390434/touch.o

.bss.acq_data%12
                0x0000000020000136        0x8
 .bss.acq_data  0x0000000020000136        0x8 .ca/build/Config_D/production/_ext/1804390434/touchTune.o

.bss.noise_filter_buffer%13
                0x000000002000013e        0x6
 .bss.noise_filter_buffer
                0x000000002000013e        0x6 .ca/build/Config_D/production/_ext/1804390434/touch.o

.bss.ptc_qtlib_node_stat1%14
                0x0000000020000144        0x6
 .bss.ptc_qtlib_node_stat1
                0x0000000020000144        0x6 .ca/build/Config_D/production/_ext/1804390434/touch.o
                0x0000000020000144                ptc_qtlib_node_stat1

.bss.uart_command_info%15
                0x000000002000014a        0x6
 .bss.uart_command_info
                0x000000002000014a        0x6 .ca/build/Config_D/production/_ext/1804390434/touchTune.o

.bss.tx_data_ptr%16
                0x0000000020000150        0x4
 .bss.tx_data_ptr
                0x0000000020000150        0x4 .ca/build/Config_D/production/_ext/1804390434/touchTune.o

.bss%17         0x0000000020000154        0x4
 .bss           0x0000000020000154        0x4 c:/program files/microchip/xc32/v4.40/bin/bin/../../lib/gcc/pic32c/8.3.1/../../../../pic32c/lib/thumb/v6-m/nofp\libpic32c.a(data_init.o)

.bss%18         0x0000000020000158        0x4
 .bss           0x0000000020000158        0x4 c:/program files/microchip/xc32/v4.40/bin/bin/../../lib/gcc/pic32c/8.3.1/../../../../pic32c/lib/thumb/v6-m/nofp\libc-musl.a(__environ.o)
                0x0000000020000158                __environ
                0x0000000020000158                environ
                0x0000000020000158                ___environ
                0x0000000020000158                _environ

.bss.freq_hop_autotune_counters%19
                0x0000000020000109        0x3
 .bss.freq_hop_autotune_counters
                0x0000000020000109        0x3 .ca/build/Config_D/production/_ext/1804390434/touch.o

.bss.touch_acq_signals_raw%20
                0x000000002000015c        0x2
 .bss.touch_acq_signals_raw
                0x000000002000015c        0x2 .ca/build/Config_D/production/_ext/1804390434/touch.o

.bss.command_flags%21
                0x000000002000015e        0x2
 .bss.command_flags
                0x000000002000015e        0x2 .ca/build/Config_D/production/_ext/1804390434/touchTune.o

.bss.max_channels_or_scrollers%22
                0x0000000020000160        0x2
 .bss.max_channels_or_scrollers
                0x0000000020000160        0x2 .ca/build/Config_D/production/_ext/1804390434/touchTune.o

.bss.tx_data_len%23
                0x0000000020000162        0x2
 .bss.tx_data_len
                0x0000000020000162        0x2 .ca/build/Config_D/production/_ext/1804390434/touchTune.o

.bss%24         0x0000000020000164        0x2
 .bss           0x0000000020000164        0x2 ..\src\config\pic32cmjh_curiosity_pro\touch\lib\qtm_touch_key_cm0p_0x0002.X.a(sam_touch_key_x_cm0p.o)
                0x0000000020000164                qtm_local_ms_timecount

.bss.measurement_done_touch%25
                0x000000002000012d        0x1
 .bss.measurement_done_touch
                0x000000002000012d        0x1 .ca/build/Config_D/production/_ext/1804390434/touch.o
                0x000000002000012d                measurement_done_touch

.bss.module_error_code%26
                0x0000000020000166        0x1
 .bss.module_error_code
                0x0000000020000166        0x1 .ca/build/Config_D/production/_ext/1804390434/touch.o
                0x0000000020000166                module_error_code

.bss.time_to_measure_touch_var%27
                0x0000000020000167        0x1
 .bss.time_to_measure_touch_var
                0x0000000020000167        0x1 .ca/build/Config_D/production/_ext/1804390434/touch.o

.bss.touch_postprocess_request%28
                0x0000000020000168        0x1
 .bss.touch_postprocess_request
                0x0000000020000168        0x1 .ca/build/Config_D/production/_ext/1804390434/touch.o

.bss.ch_num.6762%29
                0x0000000020000169        0x1
 .bss.ch_num.6762
                0x0000000020000169        0x1 .ca/build/Config_D/production/_ext/1804390434/touchTune.o

.bss.config_or_debug%30
                0x000000002000016a        0x1
 .bss.config_or_debug
                0x000000002000016a        0x1 .ca/build/Config_D/production/_ext/1804390434/touchTune.o

.bss.current_debug_data%31
                0x000000002000016b        0x1
 .bss.current_debug_data
                0x000000002000016b        0x1 .ca/build/Config_D/production/_ext/1804390434/touchTune.o

.bss.debug_index.6793%32
                0x000000002000016c        0x1
 .bss.debug_index.6793
                0x000000002000016c        0x1 .ca/build/Config_D/production/_ext/1804390434/touchTune.o

.bss.read_buf_read_ptr%33
                0x000000002000016d        0x1
 .bss.read_buf_read_ptr
                0x000000002000016d        0x1 .ca/build/Config_D/production/_ext/1804390434/touchTune.o

.bss.read_buf_write_ptr%34
                0x000000002000016e        0x1
 .bss.read_buf_write_ptr
                0x000000002000016e        0x1 .ca/build/Config_D/production/_ext/1804390434/touchTune.o

.bss.rxData%35  0x000000002000016f        0x1
 .bss.rxData    0x000000002000016f        0x1 .ca/build/Config_D/production/_ext/1804390434/touchTune.o

.bss.txData.6737%36
                0x0000000020000170        0x1
 .bss.txData.6737
                0x0000000020000170        0x1 .ca/build/Config_D/production/_ext/1804390434/touchTune.o

.bss.uart_tx_in_progress%37
                0x0000000020000171        0x1
 .bss.uart_tx_in_progress
                0x0000000020000171        0x1 .ca/build/Config_D/production/_ext/1804390434/touchTune.o

.bss.write_buf_channel_num%38
                0x0000000020000172        0x1
 .bss.write_buf_channel_num
                0x0000000020000172        0x1 .ca/build/Config_D/production/_ext/1804390434/touchTune.o

.bss.write_buf_read_ptr%39
                0x0000000020000173        0x1
 .bss.write_buf_read_ptr
                0x0000000020000173        0x1 .ca/build/Config_D/production/_ext/1804390434/touchTune.o

.data.qtlib_key_set1%40
                0x0000000020000174       0x10
 .data.qtlib_key_set1
                0x0000000020000174       0x10 .ca/build/Config_D/production/_ext/1804390434/touch.o

.data.qtm_freq_hop_autotune_config1%41
                0x0000000020000184       0x10
 .data.qtm_freq_hop_autotune_config1
                0x0000000020000184       0x10 .ca/build/Config_D/production/_ext/1804390434/touch.o
                0x0000000020000184                qtm_freq_hop_autotune_config1

.data.qtm_freq_hop_autotune_data1%42
                0x0000000020000194       0x10
 .data.qtm_freq_hop_autotune_data1
                0x0000000020000194       0x10 .ca/build/Config_D/production/_ext/1804390434/touch.o

.data.ptc_seq_node_cfg1%43
                0x00000000200001a4        0xc
 .data.ptc_seq_node_cfg1
                0x00000000200001a4        0xc .ca/build/Config_D/production/_ext/1804390434/touch.o
                0x00000000200001a4                ptc_seq_node_cfg1

.data.qtlib_acq_set1%44
                0x00000000200001b0        0xc
 .data.qtlib_acq_set1
                0x00000000200001b0        0xc .ca/build/Config_D/production/_ext/1804390434/touch.o

.data.qtlib_key_grp_config_set1%45
                0x00000000200001bc        0xa
 .data.qtlib_key_grp_config_set1
                0x00000000200001bc        0xa .ca/build/Config_D/production/_ext/1804390434/touch.o
                0x00000000200001bc                qtlib_key_grp_config_set1

.data.proj_config%46
                0x00000000200001c6        0xa
 .data.proj_config
                0x00000000200001c6        0xa .ca/build/Config_D/production/_ext/1804390434/touchTune.o

.data.qtm_freq_hop_autotune_control1%47
                0x00000000200001d0        0x8
 .data.qtm_freq_hop_autotune_control1
                0x00000000200001d0        0x8 .ca/build/Config_D/production/_ext/1804390434/touch.o

.data.ptc_qtlib_acq_gen1%48
                0x00000000200001d8        0x6
 .data.ptc_qtlib_acq_gen1
                0x00000000200001d8        0x6 .ca/build/Config_D/production/_ext/1804390434/touch.o

.data.freq_hop_delay_selection%49
                0x00000000200001de        0x3
 .data.freq_hop_delay_selection
                0x00000000200001de        0x3 .ca/build/Config_D/production/_ext/1804390434/touch.o

.data.qtlib_key_configs_set1%50
                0x00000000200001e1        0x3
 .data.qtlib_key_configs_set1
                0x00000000200001e1        0x3 .ca/build/Config_D/production/_ext/1804390434/touch.o
                0x00000000200001e1                qtlib_key_configs_set1

.data.uart_frame_header_flag%51
                0x00000000200001e4        0x1
 .data.uart_frame_header_flag
                0x00000000200001e4        0x1 .ca/build/Config_D/production/_ext/1804390434/touchTune.o

.data%52        0x00000000200001e5        0x1
 .data          0x00000000200001e5        0x1 ..\src\config\pic32cmjh_curiosity_pro\touch\lib\qtm_acq_pic32cmjh_0x002f.X.a(ptc_driver_pic32cmjh_seq.o)
                0x00000000200001e5                qtm_which_mode_current

.eh_frame%z1    0x0000000000000000        0x0
 .eh_frame      0x0000000000000000        0x0 c:/program files/microchip/xc32/v4.40/bin/bin/../../lib/gcc/pic32c/8.3.1/thumb/v6-m/nofp/crtbegin.o

.config_00804000.__config_00804000%53
                0x0000000000804000        0x4
 .config_00804000.__config_00804000
                0x0000000000804000        0x4 .ca/build/Config_D/production/_ext/1676069394/initialization.o
                0x0000000000804000                __config_00804000

.config_00804004.__config_00804004%54
                0x0000000000804004        0x4
 .config_00804004.__config_00804004
                0x0000000000804004        0x4 .ca/build/Config_D/production/_ext/1676069394/initialization.o
                0x0000000000804004                __config_00804004

.text%55        0x00000000000000e0      0xbe4
 .text          0x00000000000000e0      0xbe4 ..\src\config\pic32cmjh_curiosity_pro\touch\lib\qtm_acq_pic32cmjh_0x002f.X.a(ptc_driver_pic32cmjh_seq.o)
                0x0000000000000508                qtm_drivenshield_setup
                0x000000000000051c                qtm_drivenshield_register_start_callback
                0x0000000000000530                qtm_drivenshield_deregister_start_callback
                0x0000000000000544                qtm_acquisition_process
                0x00000000000008a6                qtm_ptc_init_acquisition_module
                0x000000000000093c                qtm_ptc_qtlib_assign_signal_memory
                0x0000000000000950                qtm_ptc_start_measurement_seq
                0x0000000000000a20                qtm_enable_sensor_node
                0x0000000000000a40                qtm_calibrate_sensor_node
                0x0000000000000a88                qtm_autoscan_sensor_node
                0x0000000000000bac                qtm_autoscan_node_cancel
                0x0000000000000bdc                qtm_ptc_clear_interrupt
                0x0000000000000bf8                qtm_pic32cmjh_ptc_handler_eoc
                0x0000000000000c9c                qtm_ptc_de_init
                0x0000000000000cbc                qtm_pic32cmjh_acq_module_get_id
                0x0000000000000cc0                qtm_pic32cmjh_acq_module_get_version

.text.qtm_key_sensors_process%56
                0x0000000000000cc4      0x48c
 .text.qtm_key_sensors_process
                0x0000000000000cc4      0x48c ..\src\config\pic32cmjh_curiosity_pro\touch\lib\qtm_touch_key_cm0p_0x0002.X.a(sam_touch_key_x_cm0p.o)
                0x0000000000000cc4                qtm_key_sensors_process

.dinit%57       0x0000000000001150      0x2a0
 .dinit         0x0000000000001150      0x2a0 data_init

.text.qtm_freq_hop_autotune%58
                0x00000000000013f0      0x1fe
 .text.qtm_freq_hop_autotune
                0x00000000000013f0      0x1fe ..\src\config\pic32cmjh_curiosity_pro\touch\lib\qtm_freq_hop_auto_cm0p_0x0004.X.a(sam_freq_hop_auto_x_cm0p.o)
                0x00000000000013f0                qtm_freq_hop_autotune

.text.touchTuneProcess%59
                0x00000000000015f0      0x174
 .text.touchTuneProcess
                0x00000000000015f0      0x174 .ca/build/Config_D/production/_ext/1804390434/touchTune.o
                0x00000000000015f0                touchTuneProcess

.text.touchUartTxComplete%60
                0x0000000000001764      0x10c
 .text.touchUartTxComplete
                0x0000000000001764      0x10c .ca/build/Config_D/production/_ext/1804390434/touchTune.o
                0x0000000000001764                touchUartTxComplete

.text.Reset_Handler%61
                0x0000000000001870       0xcc
 .text.Reset_Handler
                0x0000000000001870       0xcc .ca/build/Config_D/production/_ext/1676069394/startup_xc32.o
                0x0000000000001870                Reset_Handler

.text.CLOCK_Initialize%62
                0x000000000000193c       0xc4
 .text.CLOCK_Initialize
                0x000000000000193c       0xc4 .ca/build/Config_D/production/_ext/1930723396/plib_clock.o
                0x000000000000193c                CLOCK_Initialize

.text.uart_recv_frame_data%63
                0x0000000000001a00       0xc4
 .text.uart_recv_frame_data
                0x0000000000001a00       0xc4 .ca/build/Config_D/production/_ext/1804390434/touchTune.o
                0x0000000000001a00                uart_recv_frame_data

.text.touch_process%64
                0x0000000000001ac4       0x94
 .text.touch_process
                0x0000000000001ac4       0x94 .ca/build/Config_D/production/_ext/1804390434/touch.o
                0x0000000000001ac4                touch_process

.text.check_for_aks_block%65
                0x0000000000001b58       0x7a
 .text.check_for_aks_block
                0x0000000000001b58       0x7a ..\src\config\pic32cmjh_curiosity_pro\touch\lib\qtm_touch_key_cm0p_0x0002.X.a(sam_touch_key_x_cm0p.o)

.text.SERCOM4_USART_ISR_TX_Handler%66
                0x0000000000001bd4       0x78
 .text.SERCOM4_USART_ISR_TX_Handler
                0x0000000000001bd4       0x78 .ca/build/Config_D/production/_ext/445608663/plib_sercom4_usart.o

.text.SERCOM4_USART_ISR_RX_Handler%67
                0x0000000000001c4c       0x64
 .text.SERCOM4_USART_ISR_RX_Handler
                0x0000000000001c4c       0x64 .ca/build/Config_D/production/_ext/445608663/plib_sercom4_usart.o

.text.copy_acq_config%68
                0x0000000000001cb0       0x64
 .text.copy_acq_config
                0x0000000000001cb0       0x64 .ca/build/Config_D/production/_ext/1804390434/touchTune.o
                0x0000000000001cb0                copy_acq_config

.text.__libc_start_init%69
                0x0000000000001d14       0x5c
 .text.__libc_start_init
                0x0000000000001d14       0x5c c:/program files/microchip/xc32/v4.40/bin/bin/../../lib/gcc/pic32c/8.3.1/../../../../pic32c/lib/thumb/v6-m/nofp\libc-musl.a(__libc_start_main.o)
                0x0000000000001d14                __libc_init_array

.text.NVIC_Initialize%70
                0x0000000000001d70       0x58
 .text.NVIC_Initialize
                0x0000000000001d70       0x58 .ca/build/Config_D/production/_ext/1863059596/plib_nvic.o
                0x0000000000001d70                NVIC_Initialize

.text.SERCOM4_USART_Initialize%71
                0x0000000000001dc8       0x54
 .text.SERCOM4_USART_Initialize
                0x0000000000001dc8       0x54 .ca/build/Config_D/production/_ext/445608663/plib_sercom4_usart.o
                0x0000000000001dc8                SERCOM4_USART_Initialize

.text.SERCOM4_USART_Write%72
                0x0000000000001e1c       0x54
 .text.SERCOM4_USART_Write
                0x0000000000001e1c       0x54 .ca/build/Config_D/production/_ext/445608663/plib_sercom4_usart.o
                0x0000000000001e1c                SERCOM4_USART_Write

.text.SERCOM4_USART_InterruptHandler%73
                0x0000000000001e70       0x50
 .text.SERCOM4_USART_InterruptHandler
                0x0000000000001e70       0x50 .ca/build/Config_D/production/_ext/445608663/plib_sercom4_usart.o
                0x0000000000001e70                SERCOM4_USART_InterruptHandler

.text.copy_channel_config_data%74
                0x0000000000001ec0       0x50
 .text.copy_channel_config_data
                0x0000000000001ec0       0x50 .ca/build/Config_D/production/_ext/1804390434/touchTune.o
                0x0000000000001ec0                copy_channel_config_data

.text.copy_run_time_data%75
                0x0000000000001f10       0x4c
 .text.copy_run_time_data
                0x0000000000001f10       0x4c .ca/build/Config_D/production/_ext/1804390434/touchTune.o
                0x0000000000001f10                copy_run_time_data

.text.__pic32c_data_initialization%76
                0x0000000000001f5c       0x4c
 .text.__pic32c_data_initialization
                0x0000000000001f5c       0x4c c:/program files/microchip/xc32/v4.40/bin/bin/../../lib/gcc/pic32c/8.3.1/../../../../pic32c/lib/thumb/v6-m/nofp\libpic32c.a(data_init.o)
                0x0000000000001f5c                __pic32c_data_initialization

.text%77        0x0000000000001fa8       0x48
 .text          0x0000000000001fa8       0x48 c:/program files/microchip/xc32/v4.40/bin/bin/../../lib/gcc/pic32c/8.3.1/thumb/v6-m/nofp/crtbegin.o

.text.touch_init%78
                0x0000000000001ff0       0x44
 .text.touch_init
                0x0000000000001ff0       0x44 .ca/build/Config_D/production/_ext/1804390434/touch.o
                0x0000000000001ff0                touch_init

.text.uart_send_data%79
                0x0000000000002034       0x44
 .text.uart_send_data
                0x0000000000002034       0x44 .ca/build/Config_D/production/_ext/1804390434/touchTune.o
                0x0000000000002034                uart_send_data

.text.SERCOM4_USART_Read%80
                0x0000000000002078       0x40
 .text.SERCOM4_USART_Read
                0x0000000000002078       0x40 .ca/build/Config_D/production/_ext/445608663/plib_sercom4_usart.o
                0x0000000000002078                SERCOM4_USART_Read

.text.SERCOM4_USART_ISR_ERR_Handler%81
                0x00000000000020b8       0x38
 .text.SERCOM4_USART_ISR_ERR_Handler
                0x00000000000020b8       0x38 .ca/build/Config_D/production/_ext/445608663/plib_sercom4_usart.o

.text.uart_send_frame_header%82
                0x00000000000020f0       0x38
 .text.uart_send_frame_header
                0x00000000000020f0       0x38 .ca/build/Config_D/production/_ext/1804390434/touchTune.o
                0x00000000000020f0                uart_send_frame_header

.text.PORT_Initialize%83
                0x0000000000002128       0x34
 .text.PORT_Initialize
                0x0000000000002128       0x34 .ca/build/Config_D/production/_ext/1863006445/plib_port.o
                0x0000000000002128                PORT_Initialize

.text.touch_timer_config%84
                0x000000000000215c       0x34
 .text.touch_timer_config
                0x000000000000215c       0x34 .ca/build/Config_D/production/_ext/1804390434/touch.o
                0x000000000000215c                touch_timer_config

.text.touchUartRxComplete%85
                0x0000000000002190       0x34
 .text.touchUartRxComplete
                0x0000000000002190       0x34 .ca/build/Config_D/production/_ext/1804390434/touchTune.o
                0x0000000000002190                touchUartRxComplete

.text.RTC_InterruptHandler%86
                0x00000000000021c4       0x30
 .text.RTC_InterruptHandler
                0x00000000000021c4       0x30 .ca/build/Config_D/production/_ext/1307020913/plib_rtc_timer.o
                0x00000000000021c4                RTC_InterruptHandler

.text.SYS_Initialize%87
                0x00000000000021f4       0x30
 .text.SYS_Initialize
                0x00000000000021f4       0x30 .ca/build/Config_D/production/_ext/1676069394/initialization.o
                0x00000000000021f4                SYS_Initialize

.text.main%88   0x0000000000002224       0x30
 .text.main     0x0000000000002224       0x30 .ca/build/Config_D/production/_ext/1360937237/main.o
                0x0000000000002224                main

.rodata%89      0x0000000000002254       0x2e
 .rodata        0x0000000000002254       0x2e ..\src\config\pic32cmjh_curiosity_pro\touch\lib\qtm_acq_pic32cmjh_0x002f.X.a(ptc_driver_pic32cmjh_seq.o)

.text.calibrate_node%90
                0x0000000000002284       0x2c
 .text.calibrate_node
                0x0000000000002284       0x2c .ca/build/Config_D/production/_ext/1804390434/touch.o
                0x0000000000002284                calibrate_node

.text.update_acq_config%91
                0x00000000000022b0       0x2c
 .text.update_acq_config
                0x00000000000022b0       0x2c .ca/build/Config_D/production/_ext/1804390434/touchTune.o
                0x00000000000022b0                update_acq_config

.text.RTC_Initialize%92
                0x00000000000022dc       0x28
 .text.RTC_Initialize
                0x00000000000022dc       0x28 .ca/build/Config_D/production/_ext/1307020913/plib_rtc_timer.o
                0x00000000000022dc                RTC_Initialize

.text.touchTuneInit%93
                0x0000000000002304       0x28
 .text.touchTuneInit
                0x0000000000002304       0x28 .ca/build/Config_D/production/_ext/1804390434/touchTune.o
                0x0000000000002304                touchTuneInit

.text.SERCOM4_USART_ErrorClear%94
                0x000000000000232c       0x24
 .text.SERCOM4_USART_ErrorClear
                0x000000000000232c       0x24 .ca/build/Config_D/production/_ext/445608663/plib_sercom4_usart.o

.text.uart_get_char%95
                0x0000000000002350       0x24
 .text.uart_get_char
                0x0000000000002350       0x24 .ca/build/Config_D/production/_ext/1804390434/touchTune.o
                0x0000000000002350                uart_get_char

.text.uart_min_num_bytes_received%96
                0x0000000000002374       0x24
 .text.uart_min_num_bytes_received
                0x0000000000002374       0x24 .ca/build/Config_D/production/_ext/1804390434/touchTune.o
                0x0000000000002374                uart_min_num_bytes_received

.text.copy_freq_hop_auto_runtime_data%97
                0x0000000000002398       0x20
 .text.copy_freq_hop_auto_runtime_data
                0x0000000000002398       0x20 .ca/build/Config_D/production/_ext/1804390434/touchTune.o
                0x0000000000002398                copy_freq_hop_auto_runtime_data

.text.qtm_init_sensor_key%98
                0x00000000000023b8       0x1e
 .text.qtm_init_sensor_key
                0x00000000000023b8       0x1e ..\src\config\pic32cmjh_curiosity_pro\touch\lib\qtm_touch_key_cm0p_0x0002.X.a(sam_touch_key_x_cm0p.o)
                0x00000000000023b8                qtm_init_sensor_key

.text.__dinit_copy%99
                0x00000000000023d6       0x1e
 .text.__dinit_copy
                0x00000000000023d6       0x1e c:/program files/microchip/xc32/v4.40/bin/bin/../../lib/gcc/pic32c/8.3.1/../../../../pic32c/lib/thumb/v6-m/nofp\libpic32c.a(pic32_data_init_copy.o)
                0x00000000000023d6                __dinit_copy_needed
                0x00000000000023d6                __dinit_copy

.text.getConfigIndex%100
                0x00000000000023f4       0x1a
 .text.getConfigIndex
                0x00000000000023f4       0x1a .ca/build/Config_D/production/_ext/1804390434/touchTune.o
                0x00000000000023f4                getConfigIndex

.text.RTC_Timer32Start%101
                0x0000000000002410       0x18
 .text.RTC_Timer32Start
                0x0000000000002410       0x18 .ca/build/Config_D/production/_ext/1307020913/plib_rtc_timer.o
                0x0000000000002410                RTC_Timer32Start

.text.RTC_Timer32Stop%102
                0x0000000000002428       0x18
 .text.RTC_Timer32Stop
                0x0000000000002428       0x18 .ca/build/Config_D/production/_ext/1307020913/plib_rtc_timer.o
                0x0000000000002428                RTC_Timer32Stop

.text.uart_send_data_wait%103
                0x0000000000002440       0x18
 .text.uart_send_data_wait
                0x0000000000002440       0x18 .ca/build/Config_D/production/_ext/1804390434/touchTune.o
                0x0000000000002440                uart_send_data_wait

.text._on_reset%104
                0x0000000000002458       0x18
 .text._on_reset
                0x0000000000002458       0x18 .ca/build/Config_D/production/_ext/1360937237/main.o
                0x0000000000002458                _on_reset

.text.uart_get_string%105
                0x0000000000002470       0x16
 .text.uart_get_string
                0x0000000000002470       0x16 .ca/build/Config_D/production/_ext/1804390434/touchTune.o
                0x0000000000002470                uart_get_string

.text.RTC_Timer32CounterSet%106
                0x0000000000002488       0x14
 .text.RTC_Timer32CounterSet
                0x0000000000002488       0x14 .ca/build/Config_D/production/_ext/1307020913/plib_rtc_timer.o
                0x0000000000002488                RTC_Timer32CounterSet

.text.RTC_Timer32CompareSet%107
                0x000000000000249c       0x14
 .text.RTC_Timer32CompareSet
                0x000000000000249c       0x14 .ca/build/Config_D/production/_ext/1307020913/plib_rtc_timer.o
                0x000000000000249c                RTC_Timer32CompareSet

.text.touch_timer_handler%108
                0x00000000000024b0       0x14
 .text.touch_timer_handler
                0x00000000000024b0       0x14 .ca/build/Config_D/production/_ext/1804390434/touch.o
                0x00000000000024b0                touch_timer_handler

.text.touchTuneNewDataAvailable%109
                0x00000000000024c4       0x14
 .text.touchTuneNewDataAvailable
                0x00000000000024c4       0x14 .ca/build/Config_D/production/_ext/1804390434/touchTune.o
                0x00000000000024c4                touchTuneNewDataAvailable

.text.UART_Write%110
                0x00000000000024d8       0x14
 .text.UART_Write
                0x00000000000024d8       0x14 .ca/build/Config_D/production/_ext/1804390434/touchTune.o
                0x00000000000024d8                UART_Write

.rodata.configPointerArray%111
                0x00000000000024ec       0x14
 .rodata.configPointerArray
                0x00000000000024ec       0x14 .ca/build/Config_D/production/_ext/1804390434/touchTune.o

.rodata%112     0x0000000000002500       0x14
 .rodata        0x0000000000002500       0x14 c:/program files/microchip/xc32/v4.40/bin/bin/../../lib/gcc/pic32c/8.3.1/../../../../pic32c/lib/thumb/v6-m/nofp\libpic32c.a(data_init.o)

.text%113       0x0000000000002514       0x14
 .text          0x0000000000002514       0x14 c:/program files/microchip/xc32/v4.40/bin/bin/../../lib/gcc/pic32c/8.3.1/thumb/v6-m/nofp\libgcc.a(_thumb1_case_uhi.o)
                0x0000000000002514                __gnu_thumb1_case_uhi

.text.__dinit_clear%114
                0x0000000000002528       0x12
 .text.__dinit_clear
                0x0000000000002528       0x12 c:/program files/microchip/xc32/v4.40/bin/bin/../../lib/gcc/pic32c/8.3.1/../../../../pic32c/lib/thumb/v6-m/nofp\libpic32c.a(pic32_data_init_clear.o)
                0x0000000000002528                __dinit_clear
                0x0000000000002528                __dinit_clear_needed

.text.EVSYS_Initialize%115
                0x000000000000253c       0x10
 .text.EVSYS_Initialize
                0x000000000000253c       0x10 .ca/build/Config_D/production/_ext/1928573910/plib_evsys.o
                0x000000000000253c                EVSYS_Initialize

.text.get_sensor_state%116
                0x000000000000254c       0x10
 .text.get_sensor_state
                0x000000000000254c       0x10 .ca/build/Config_D/production/_ext/1804390434/touch.o
                0x000000000000254c                get_sensor_state

.text.qtm_update_qtlib_timer%117
                0x000000000000255c       0x10
 .text.qtm_update_qtlib_timer
                0x000000000000255c       0x10 ..\src\config\pic32cmjh_curiosity_pro\touch\lib\qtm_touch_key_cm0p_0x0002.X.a(sam_touch_key_x_cm0p.o)
                0x000000000000255c                qtm_update_qtlib_timer

.text.NVMCTRL_Initialize%118
                0x000000000000256c        0xc
 .text.NVMCTRL_Initialize
                0x000000000000256c        0xc .ca/build/Config_D/production/_ext/1457750974/plib_nvmctrl.o
                0x000000000000256c                NVMCTRL_Initialize

.text.RTC_Timer32CallbackRegister%119
                0x0000000000002578        0xc
 .text.RTC_Timer32CallbackRegister
                0x0000000000002578        0xc .ca/build/Config_D/production/_ext/1307020913/plib_rtc_timer.o
                0x0000000000002578                RTC_Timer32CallbackRegister

.text.SERCOM4_USART_WriteCallbackRegister%120
                0x0000000000002584        0xc
 .text.SERCOM4_USART_WriteCallbackRegister
                0x0000000000002584        0xc .ca/build/Config_D/production/_ext/445608663/plib_sercom4_usart.o
                0x0000000000002584                SERCOM4_USART_WriteCallbackRegister

.text.SERCOM4_USART_ReadCallbackRegister%121
                0x0000000000002590        0xc
 .text.SERCOM4_USART_ReadCallbackRegister
                0x0000000000002590        0xc .ca/build/Config_D/production/_ext/445608663/plib_sercom4_usart.o
                0x0000000000002590                SERCOM4_USART_ReadCallbackRegister

.text.qtm_measure_complete_callback%122
                0x000000000000259c        0xc
 .text.qtm_measure_complete_callback
                0x000000000000259c        0xc .ca/build/Config_D/production/_ext/1804390434/touch.o

.text.PTC_Handler%123
                0x00000000000025a8        0xc
 .text.PTC_Handler
                0x00000000000025a8        0xc .ca/build/Config_D/production/_ext/1804390434/touch.o
                0x00000000000025a8                PTC_Handler

.text.getDebugIndex%124
                0x00000000000025b4        0xa
 .text.getDebugIndex
                0x00000000000025b4        0xa .ca/build/Config_D/production/_ext/1804390434/touchTune.o
                0x00000000000025b4                getDebugIndex

.rodata.frame_len_lookup%125
                0x00000000000025be        0xa
 .rodata.frame_len_lookup
                0x00000000000025be        0xa .ca/build/Config_D/production/_ext/1804390434/touchTune.o

.text.rtc_cb%126
                0x00000000000025c8        0x8
 .text.rtc_cb   0x00000000000025c8        0x8 .ca/build/Config_D/production/_ext/1804390434/touch.o
                0x00000000000025c8                rtc_cb

.rodata.debug_frame_PointerArray%127
                0x00000000000025d0        0x8
 .rodata.debug_frame_PointerArray
                0x00000000000025d0        0x8 .ca/build/Config_D/production/_ext/1804390434/touchTune.o

.rodata.debug_func_ptr%128
                0x00000000000025d8        0x8
 .rodata.debug_func_ptr
                0x00000000000025d8        0x8 .ca/build/Config_D/production/_ext/1804390434/touchTune.o

.rodata.debug_frame_data_len%129
                0x00000000000025e0        0x4
 .rodata.debug_frame_data_len
                0x00000000000025e0        0x4 .ca/build/Config_D/production/_ext/1804390434/touchTune.o

.rodata.debug_frame_total_len%130
                0x00000000000025e4        0x4
 .rodata.debug_frame_total_len
                0x00000000000025e4        0x4 .ca/build/Config_D/production/_ext/1804390434/touchTune.o

.text.__dummy_decompress%131
                0x00000000000025e8        0x4
 .text.__dummy_decompress
                0x00000000000025e8        0x4 c:/program files/microchip/xc32/v4.40/bin/bin/../../lib/gcc/pic32c/8.3.1/../../../../pic32c/lib/thumb/v6-m/nofp\libpic32c.a(data_init.o)
                0x00000000000025e8                __dinit_decompress
                0x00000000000025e8                __dinit_copy_val_data
                0x00000000000025e8                __dinit_copy_emb

.rodata.debug_frame_id%132
                0x00000000000015ee        0x2
 .rodata.debug_frame_id
                0x00000000000015ee        0x2 .ca/build/Config_D/production/_ext/1804390434/touchTune.o

.rodata.debug_num_ch_scroller%133
                0x0000000000001bd2        0x2
 .rodata.debug_num_ch_scroller
                0x0000000000001bd2        0x2 .ca/build/Config_D/production/_ext/1804390434/touchTune.o

.text.Dummy_Handler%134
                0x0000000000002282        0x2
 .text.Dummy_Handler
                0x0000000000002282        0x2 .ca/build/Config_D/production/_ext/1676069394/interrupts.o
                0x0000000000002282                SVCall_Handler
                0x0000000000002282                DMAC_Handler
                0x0000000000002282                AC_Handler
                0x0000000000002282                SysTick_Handler
                0x0000000000002282                PendSV_Handler
                0x0000000000002282                TCC1_Handler
                0x0000000000002282                TC2_7_Handler
                0x0000000000002282                SERCOM2_Handler
                0x0000000000002282                TCC0_Handler
                0x0000000000002282                TC1_6_Handler
                0x0000000000002282                ADC1_Handler
                0x0000000000002282                EIC_Handler
                0x0000000000002282                SERCOM1_7_Handler
                0x0000000000002282                WDT_Handler
                0x0000000000002282                CAN0_Handler
                0x0000000000002282                TC4_Handler
                0x0000000000002282                TC3_Handler
                0x0000000000002282                Dummy_Handler
                0x0000000000002282                TC0_5_Handler
                0x0000000000002282                SERCOM5_Handler
                0x0000000000002282                MCRAMC_Handler
                0x0000000000002282                CAN1_Handler
                0x0000000000002282                ADC0_Handler
                0x0000000000002282                PDEC_Handler
                0x0000000000002282                TCC2_Handler
                0x0000000000002282                EVSYS_Handler
                0x0000000000002282                SERCOM3_Handler
                0x0000000000002282                NVMCTRL_Handler
                0x0000000000002282                SYSTEM_Handler
                0x0000000000002282                DAC_Handler
                0x0000000000002282                SERCOM0_6_Handler
                0x0000000000002282                FREQM_Handler
                0x0000000000002282                ICM_Handler

.text.NonMaskableInt_Handler%135
                0x000000000000240e        0x2
 .text.NonMaskableInt_Handler
                0x000000000000240e        0x2 .ca/build/Config_D/production/_ext/1676069394/exceptions.o
                0x000000000000240e                NonMaskableInt_Handler

.text.HardFault_Handler%136
                0x0000000000002486        0x2
 .text.HardFault_Handler
                0x0000000000002486        0x2 .ca/build/Config_D/production/_ext/1676069394/exceptions.o
                0x0000000000002486                HardFault_Handler

.text.Dummy_App_Func%137
                0x000000000000253a        0x2
 .text.Dummy_App_Func
                0x000000000000253a        0x2 .ca/build/Config_D/production/_ext/1676069394/startup_xc32.o
                0x000000000000253a                _on_bootstrap
                0x000000000000253a                __xc32_on_reset
                0x000000000000253a                Dummy_App_Func
                0x000000000000253a                __xc32_on_bootstrap

.text.__dummy%138
                0x00000000000025ec        0x2
 .text.__dummy  0x00000000000025ec        0x2 c:/program files/microchip/xc32/v4.40/bin/bin/../../lib/gcc/pic32c/8.3.1/../../../../pic32c/lib/thumb/v6-m/nofp\libc-musl.a(__libc_start_main.o)
                0x00000000000025ec                __init_stdio
                0x00000000000025ec                __init_host
